{
 "upload_id": "5cd01354-6779-4651-b30d-54bb7695594b",
 "model_id": "b3762a99-8fc6-4b2a-8b56-efe625324e73",
 "status": "done",
 "error": null,
 "filename": "final_excl20_neut20.csv",
 "created_at": "2026-09-23T23:02:38.026229+00:00",
 "client_label": null,
 "model_pkl_sha256": "702eabc07abe69a5c9366af243989ea1a1182a94f88c36bba5145ff934bf7bab",
 "run_kind": "validation",
 "scoring_window": "leaderboard",
 "rank_metric": "round_score",
 "round_score": -0.0292,
 "corr20": -0.0294,
 "aimc": -0.0048,
 "ncorr": 0.009842033,
 "sharpe_ratio": -0.2314,
 "std_dev": 0.1269,
 "feature_exposure": 0.3471,
 "max_drawdown": -10.2201,
 "autocorrelation": 0.6315,
 "example_preds_corr": 0.1217,
 "num_expeds": 261,
 "per_exped_corr": [
  -0.159529,
  -0.04877,
  0.078097,
  0.120677,
  0.16416,
  0.194028,
  0.109108,
  0.022389,
  0.083331,
  0.03499,
  0.021556,
  -0.078837,
  0.03856,
  0.026051,
  0.070872,
  0.097247,
  0.105789,
  0.086018,
  0.091657,
  0.048123,
  0.203948,
  0.227431,
  0.013429,
  0.256443,
  0.08565,
  0.033131,
  0.029006,
  -0.057213,
  -0.110332,
  -0.108603,
  0.014226,
  0.035941,
  0.125998,
  0.035664,
  -0.235651,
  -0.096247,
  0.069414,
  -0.049122,
  0.226252,
  0.220351,
  -0.089565,
  0.271827,
  0.064574,
  0.052425,
  0.068841,
  -0.036187,
  0.059257,
  -0.00095,
  0.058524,
  -0.034301,
  -0.083305,
  -0.108189,
  -0.046214,
  -0.081373,
  0.15546,
  0.05331,
  -0.026132,
  0.063305,
  -0.145124,
  -0.300372,
  -0.095265,
  -0.055572,
  0.048567,
  -0.076246,
  -0.121869,
  0.02973,
  0.043164,
  0.079714,
  -0.003744,
  -0.052198,
  0.050025,
  -0.013604,
  0.009244,
  -0.068693,
  0.006541,
  0.051052,
  -0.050401,
  0.00396,
  -0.071569,
  -0.074232,
  -0.106901,
  -0.134554,
  -0.05111,
  0.027719,
  -0.122214,
  -0.117314,
  -0.139919,
  -0.098787,
  0.011847,
  -0.084034,
  -0.208734,
  -0.261702,
  -0.272208,
  -0.206922,
  -0.174201,
  -0.190531,
  -0.240906,
  -0.138516,
  -0.19327,
  -0.159959,
  -0.111232,
  -0.224138,
  -0.219114,
  -0.130733,
  -0.124382,
  -0.011038,
  -0.033575,
  0.050811,
  -0.034804,
  -0.086729,
  -0.03597,
  -0.073981,
  0.01072,
  0.119731,
  -0.023235,
  0.081069,
  0.092315,
  -0.035407,
  0.027396,
  0.063546,
  -0.079205,
  -0.070589,
  -0.049132,
  -0.014375,
  0.162936,
  0.019217,
  -0.157748,
  -0.073516,
  -0.154357,
  -0.239186,
  -0.123168,
  -0.252933,
  -0.032464,
  -0.078642,
  -0.03517,
  -0.209935,
  -0.13965,
  -0.181319,
  -0.008876,
  -0.015603,
  -0.28388,
  -0.118973,
  -0.043434,
  -0.13453,
  -0.096692,
  -0.059085,
  0.019981,
  -0.052429,
  -0.062054,
  -0.199664,
  -0.05329,
  0.030604,
  -0.013671,
  -0.014811,
  0.13288,
  0.279264,
  0.195362,
  0.189697,
  0.378372,
  0.353082,
  0.330262,
  0.248189,
  0.189513,
  0.170913,
  0.214409,
  0.162526,
  0.044501,
  0.073309,
  -0.007999,
  -0.004362,
  -0.096779,
  -0.01023,
  0.055226,
  -0.00124,
  -0.002183,
  0.083443,
  -0.099458,
  0.007051,
  -0.006312,
  0.086201,
  0.155076,
  0.020733,
  0.100876,
EXIT:0
