{
 "upload_id": "2e562328-519d-490f-83aa-fb3f277a5f35",
 "model_id": "4041bfff-954c-4fb8-b058-e83eedeeea58",
 "status": "done",
 "error": null,
 "filename": "final_blend.csv",
 "created_at": "2026-09-23T23:07:48.957044+00:00",
 "client_label": null,
 "model_pkl_sha256": "dd43240cafc9ca2c023b67d46cee6b58d5abce0b993448a783461241c102296b",
 "run_kind": "validation",
 "scoring_window": "leaderboard",
 "rank_metric": "round_score",
 "round_score": -0.172,
 "corr20": -0.102,
 "aimc": -0.0067,
 "ncorr": -0.056574706,
 "sharpe_ratio": -0.4462,
 "std_dev": 0.2285,
 "feature_exposure": 0.6447,
 "max_drawdown": -27.5251,
 "autocorrelation": 0.9175,
 "example_preds_corr": 0.7434,
 "num_expeds": 261,
 "per_exped_corr": [
  -0.049596,
  -0.12273,
  -0.054937,
  0.052066,
  0.093246,
  0.036518,
  0.067739,
  0.159727,
  0.225334,
  0.368701,
  0.096638,
  0.043379,
  -0.049344,
  -0.001095,
  -0.047933,
  -0.010391,
  -0.101047,
  0.006026,
  -0.122349,
  -0.065616,
  -0.133482,
  -0.231413,
  -0.201766,
  -0.246052,
  -0.317789,
  -0.324751,
  -0.416684,
  -0.402731,
  -0.327308,
  -0.249137,
  -0.387432,
  -0.462524,
  -0.507994,
  -0.476917,
  -0.546571,
  -0.469765,
  -0.384992,
  -0.364993,
  -0.410283,
  -0.285569,
  -0.116497,
  -0.070277,
  -0.164889,
  -0.084036,
  0.0461,
  0.042941,
  0.18422,
  0.208356,
  0.300485,
  0.1974,
  0.345989,
  0.468413,
  0.419608,
  0.386642,
  0.427976,
  0.286903,
  0.250576,
  0.149949,
  0.182653,
  -0.12285,
  -0.093867,
  -0.054593,
  -0.094537,
  -0.091551,
  -0.035792,
  -0.172499,
  -0.134068,
  -0.178835,
  -0.232542,
  -0.237556,
  -0.207671,
  -0.248652,
  -0.108527,
  -0.284774,
  -0.246688,
  -0.090364,
  -0.130343,
  -0.172728,
  -0.26994,
  -0.093291,
  -0.129717,
  -0.02982,
  -0.123689,
  -0.194121,
  -0.164845,
  -0.192326,
  -0.188745,
  -0.222927,
  -0.023362,
  -0.011513,
  -0.02952,
  -0.169606,
  -0.248497,
  -0.017763,
  -0.148882,
  -0.15111,
  -0.143241,
  -0.137104,
  -0.09812,
  -0.050101,
  -0.094609,
  -0.033247,
  -0.246622,
  -0.12757,
  -0.073945,
  0.09792,
  0.023704,
  -0.032338,
  0.030366,
  0.143377,
  0.096772,
  -0.026413,
  0.041251,
  -0.003522,
  -0.12816,
  -0.078986,
  -0.118257,
  -0.228501,
  -0.157564,
  -0.163795,
  -0.192704,
  -0.244501,
  -0.168733,
  -0.146878,
  -0.258667,
  -0.280108,
  -0.314134,
  -0.219197,
  -0.188008,
  -0.335537,
  -0.276027,
  -0.340625,
  -0.246533,
  -0.431891,
  -0.389818,
  -0.500065,
  -0.43802,
  -0.378944,
  -0.31785,
  -0.218083,
  -0.277676,
  -0.270387,
  -0.117079,
  -0.219306,
  -0.131722,
  -0.112773,
  -0.066055,
  -0.139731,
  -0.113771,
  -0.162125,
  -0.100301,
  0.093224,
  0.100654,
  0.209851,
  0.317911,
  0.480058,
  0.52134,
  0.487398,
  0.616379,
  0.564932,
  0.588135,
  0.601952,
  0.518595,
  0.429221,
  0.373269,
  0.287299,
  0.133451,
  0.05599,
  0.005759,
  0.035225,
  0.006189,
  -0.104355,
  -0.131022,
  -0.328733,
  -0.35992,
  -0.260208,
  -0.316351,
  -0.265753,
  -0.417412,
  -0.425911,
  -0.35031,
  -0.375035,
  -0.340119,
  -0.358115,
  -0.369048,
  -0.389452,
  -0.398971,
  -0.414529,
  -0.265279,
  -0.323441,
  -0.148606,
  -0.226948,
  -0.242421,
  -0.069806,
  0.071867,
  0.09758,
  0.213615,
  0.276149,
  0.154874,
  0.224015,
  0.066156,
  -0.017526,
  -0.095606,
  -0.142743,
  -0.056895,
  -0.219042,
  -0.124848,
  -0.079983,
  0.098703,
  -0.027574,
  0.039713,
  0.209202,
  0.157903,
  -0.066265,
  -0.126941,
  -0.192501,
  -0.208107,
  -0.141872,
  -0.189437,
  -0.15838,
  -0.037707,
  0.06338,
  0.073159,
  -0.050918,
  -0.087009,
  -0.07612,
  -0.16779,
  -0.091843,
  -0.115485,
  -0.049647,
  -0.17279,
  -0.065321,
  -0.090118,
  -0.160875,
  -0.03326,
  -0.002711,
  -0.017106,
  -0.165041,
  -0.359105,
  -0.082392,
  -0.22063,
  -0.302104,
  -0.298457,
  -0.250275,
  -0.33777,
  -0.396919,
  -0.406754,
  -0.369508,
  -0.382043,
  -0.392348,
  -0.35821,
  -0.335794,
  -0.379701,
  -0.362563,
  -0.376963,
  -0.394205,
  -0.243518,
  -0.236602,
  -0.20659,
  -0.182219,
  -0.178939
 ],
 "elapsed_seconds": null,
 "estimate_seconds": null,
 "queue_position": null,
 "results_withheld_until": null
}
EXIT:0
