{
 "upload_id": "b5f6531d-a9f9-4706-bc4c-b9f0456c2a2c",
 "model_id": "4041bfff-954c-4fb8-b058-e83eedeeea58",
 "status": "done",
 "error": null,
 "filename": "final_lgbm_neg.csv",
 "created_at": "2026-09-23T23:29:27.188130+00:00",
 "client_label": null,
 "model_pkl_sha256": "65a87d87f50c039565390b12b98183b72bb0432087f6c2db92157731c8cbe3e3",
 "run_kind": "validation",
 "scoring_window": "leaderboard",
 "rank_metric": "round_score",
 "round_score": 0.1422,
 "corr20": 0.0926,
 "aimc": 0.0028,
 "ncorr": 0.043952975,
 "sharpe_ratio": 0.3968,
 "std_dev": 0.2334,
 "feature_exposure": 0.6449,
 "max_drawdown": -8.1484,
 "autocorrelation": 0.9178,
 "example_preds_corr": -0.7532,
 "num_expeds": 261,
 "per_exped_corr": [
  0.09929,
  0.068373,
  -0.041311,
  0.031082,
  0.056445,
  0.042725,
  0.04258,
  -0.073168,
  -0.097577,
  -0.305714,
  0.021758,
  0.063712,
  0.142616,
  -0.000317,
  -0.010645,
  0.117509,
  0.291912,
  0.097644,
  0.188779,
  0.187839,
  0.202107,
  0.264418,
  0.281789,
  0.361475,
  0.391592,
  0.333349,
  0.431149,
  0.435504,
  0.408169,
  0.287153,
  0.344585,
  0.457023,
  0.539706,
  0.508449,
  0.528209,
  0.499834,
  0.382925,
  0.350268,
  0.458196,
  0.367668,
  0.244011,
  0.10201,
  0.179286,
  0.081522,
  0.009,
  0.031227,
  -0.11949,
  -0.194792,
  -0.317955,
  -0.17134,
  -0.312672,
  -0.439144,
  -0.428792,
  -0.36985,
  -0.44498,
  -0.29446,
  -0.250212,
  -0.151899,
  -0.105974,
  0.100228,
  0.041981,
  0.040499,
  0.061934,
  0.057384,
  0.069786,
  0.153135,
  0.064174,
  0.15577,
  0.177654,
  0.218856,
  0.162466,
  0.178832,
  0.091661,
  0.318999,
  0.275842,
  0.174787,
  0.197066,
  0.188428,
  0.2999,
  0.070923,
  0.224947,
  0.092973,
  0.072079,
  0.195259,
  0.067085,
  0.055317,
  0.053772,
  0.119953,
  0.063934,
  0.040117,
  0.050723,
  0.255589,
  0.311495,
  0.137617,
  0.192612,
  0.145444,
  0.111208,
  0.091069,
  0.065475,
  0.055585,
  0.08913,
  0.014164,
  0.226009,
  0.101141,
  0.043699,
  -0.030089,
  0.005301,
  0.068003,
  0.019915,
  -0.10129,
  -0.041734,
  0.108649,
  0.036255,
  0.041125,
  0.19957,
  0.10544,
  0.196259,
  0.285242,
  0.279664,
  0.367022,
  0.295995,
  0.35512,
  0.325266,
  0.24166,
  0.317092,
  0.360102,
  0.336355,
  0.267059,
  0.192405,
  0.366465,
  0.280544,
  0.368739,
  0.252128,
  0.40558,
  0.354323,
  0.416681,
  0.354258,
  0.270345,
  0.268836,
  0.177502,
  0.202802,
  0.201355,
  0.127801,
  0.110259,
  0.06125,
  0.010194,
  0.019409,
  -0.000612,
  -0.019443,
  0.032752,
  -0.05453,
  -0.300135,
  -0.231419,
  -0.373593,
  -0.498667,
  -0.608979,
  -0.569239,
  -0.566736,
  -0.675666,
  -0.604049,
  -0.619817,
  -0.648985,
  -0.559628,
  -0.511573,
  -0.426874,
  -0.332443,
  -0.214759,
  -0.110101,
  -0.048517,
  -0.141748,
  -0.050973,
  0.086315,
  0.147717,
  0.26044,
  0.327562,
  0.195835,
  0.24382,
  0.195709,
  0.264086,
  0.290146,
  0.261489,
  0.250565,
  0.22785,
  0.266514,
  0.287774,
  0.287545,
  0.307371,
  0.238961,
  0.170975,
  0.248708,
  0.114479,
  0.155307,
  0.147746,
  0.061074,
  -0.104222,
  -0.138662,
  -0.235544,
  -0.347658,
  -0.190867,
  -0.263585,
  -0.151816,
  -0.009591,
  0.040674,
  0.095904,
  0.019866,
  0.119721,
  0.078781,
  0.0706,
  -0.106575,
  -0.021151,
  -0.093449,
  -0.202996,
  -0.107909,
  0.036023,
  0.182178,
  0.215529,
  0.190165,
  0.132668,
  0.179327,
  0.1682,
  0.100568,
  -0.021901,
  -0.071346,
  0.084446,
  0.090115,
  0.058449,
  0.173675,
  0.147298,
  0.151307,
  0.044639,
  0.222045,
  0.105964,
  0.135009,
  0.232977,
  0.076936,
  0.04198,
  0.013463,
  0.16527,
  0.375191,
  0.062252,
  0.255075,
  0.327376,
  0.314235,
  0.248528,
  0.338392,
  0.369342,
  0.371531,
  0.322369,
  0.377677,
  0.345927,
  0.312324,
  0.329394,
  0.237945,
  0.237535,
  0.213353,
  0.279985,
  0.15655,
  0.075876,
  0.031262,
  0.100801,
  0.022164
 ],
 "elapsed_seconds": null,
 "estimate_seconds": null,
 "queue_position": null,
 "results_withheld_until": null
}
EXIT:0
